MS01_V1_N1	/Users/ellajadealex/Desktop/Mind_Skin_Dissertation/Dreem/data/processed/edf_data/MS01_V1_N1.edf	/Users/ellajadealex/Desktop/Mind_Skin_Dissertation/Dreem/data/processed/edf_data/MS01_V1_N1.eannot
MS01_V1_N10	/Users/ellajadealex/Desktop/Mind_Skin_Dissertation/Dreem/data/processed/edf_data/MS01_V1_N10.edf	/Users/ellajadealex/Desktop/Mind_Skin_Dissertation/Dreem/data/processed/edf_data/MS01_V1_N10.eannot
MS01_V1_N11	/Users/ellajadealex/Desktop/Mind_Skin_Dissertation/Dreem/data/processed/edf_data/MS01_V1_N11.edf	/Users/ellajadealex/Desktop/Mind_Skin_Dissertation/Dreem/data/processed/edf_data/MS01_V1_N11.eannot
MS01_V1_N3	/Users/ellajadealex/Desktop/Mind_Skin_Dissertation/Dreem/data/processed/edf_data/MS01_V1_N3.edf	/Users/ellajadealex/Desktop/Mind_Skin_Dissertation/Dreem/data/processed/edf_data/MS01_V1_N3.eannot
MS01_V1_N4	/Users/ellajadealex/Desktop/Mind_Skin_Dissertation/Dreem/data/processed/edf_data/MS01_V1_N4.edf	/Users/ellajadealex/Desktop/Mind_Skin_Dissertation/Dreem/data/processed/edf_data/MS01_V1_N4.eannot
MS01_V1_N5	/Users/ellajadealex/Desktop/Mind_Skin_Dissertation/Dreem/data/processed/edf_data/MS01_V1_N5.edf	/Users/ellajadealex/Desktop/Mind_Skin_Dissertation/Dreem/data/processed/edf_data/MS01_V1_N5.eannot
MS01_V1_N6	/Users/ellajadealex/Desktop/Mind_Skin_Dissertation/Dreem/data/processed/edf_data/MS01_V1_N6.edf	/Users/ellajadealex/Desktop/Mind_Skin_Dissertation/Dreem/data/processed/edf_data/MS01_V1_N6.eannot
MS01_V1_N8	/Users/ellajadealex/Desktop/Mind_Skin_Dissertation/Dreem/data/processed/edf_data/MS01_V1_N8.edf	/Users/ellajadealex/Desktop/Mind_Skin_Dissertation/Dreem/data/processed/edf_data/MS01_V1_N8.eannot
MS01_V1_N9	/Users/ellajadealex/Desktop/Mind_Skin_Dissertation/Dreem/data/processed/edf_data/MS01_V1_N9.edf	/Users/ellajadealex/Desktop/Mind_Skin_Dissertation/Dreem/data/processed/edf_data/MS01_V1_N9.eannot
MS01_VX_5	/Users/ellajadealex/Desktop/Mind_Skin_Dissertation/Dreem/data/processed/edf_data/MS01_VX_5.edf	/Users/ellajadealex/Desktop/Mind_Skin_Dissertation/Dreem/data/processed/edf_data/MS01_VX_5.eannot
MS01_VX_6	/Users/ellajadealex/Desktop/Mind_Skin_Dissertation/Dreem/data/processed/edf_data/MS01_VX_6.edf	/Users/ellajadealex/Desktop/Mind_Skin_Dissertation/Dreem/data/processed/edf_data/MS01_VX_6.eannot
MS01_VX_8	/Users/ellajadealex/Desktop/Mind_Skin_Dissertation/Dreem/data/processed/edf_data/MS01_VX_8.edf	/Users/ellajadealex/Desktop/Mind_Skin_Dissertation/Dreem/data/processed/edf_data/MS01_VX_8.eannot
MS02_V1_N2	/Users/ellajadealex/Desktop/Mind_Skin_Dissertation/Dreem/data/processed/edf_data/MS02_V1_N2.edf	/Users/ellajadealex/Desktop/Mind_Skin_Dissertation/Dreem/data/processed/edf_data/MS02_V1_N2.eannot
MS02_V1_N3	/Users/ellajadealex/Desktop/Mind_Skin_Dissertation/Dreem/data/processed/edf_data/MS02_V1_N3.edf	/Users/ellajadealex/Desktop/Mind_Skin_Dissertation/Dreem/data/processed/edf_data/MS02_V1_N3.eannot
MS02_V1_N9	/Users/ellajadealex/Desktop/Mind_Skin_Dissertation/Dreem/data/processed/edf_data/MS02_V1_N9.edf	/Users/ellajadealex/Desktop/Mind_Skin_Dissertation/Dreem/data/processed/edf_data/MS02_V1_N9.eannot
MS03_V1_N10	/Users/ellajadealex/Desktop/Mind_Skin_Dissertation/Dreem/data/processed/edf_data/MS03_V1_N10.edf	/Users/ellajadealex/Desktop/Mind_Skin_Dissertation/Dreem/data/processed/edf_data/MS03_V1_N10.eannot
MS03_V1_N1_2	/Users/ellajadealex/Desktop/Mind_Skin_Dissertation/Dreem/data/processed/edf_data/MS03_V1_N1_2.edf	/Users/ellajadealex/Desktop/Mind_Skin_Dissertation/Dreem/data/processed/edf_data/MS03_V1_N1_2.eannot
MS03_V1_N2	/Users/ellajadealex/Desktop/Mind_Skin_Dissertation/Dreem/data/processed/edf_data/MS03_V1_N2.edf	/Users/ellajadealex/Desktop/Mind_Skin_Dissertation/Dreem/data/processed/edf_data/MS03_V1_N2.eannot
MS03_V1_N3	/Users/ellajadealex/Desktop/Mind_Skin_Dissertation/Dreem/data/processed/edf_data/MS03_V1_N3.edf	/Users/ellajadealex/Desktop/Mind_Skin_Dissertation/Dreem/data/processed/edf_data/MS03_V1_N3.eannot
MS03_V1_N5_2	/Users/ellajadealex/Desktop/Mind_Skin_Dissertation/Dreem/data/processed/edf_data/MS03_V1_N5_2.edf	/Users/ellajadealex/Desktop/Mind_Skin_Dissertation/Dreem/data/processed/edf_data/MS03_V1_N5_2.eannot
MS03_V1_N6	/Users/ellajadealex/Desktop/Mind_Skin_Dissertation/Dreem/data/processed/edf_data/MS03_V1_N6.edf	/Users/ellajadealex/Desktop/Mind_Skin_Dissertation/Dreem/data/processed/edf_data/MS03_V1_N6.eannot
MS03_V1_N9	/Users/ellajadealex/Desktop/Mind_Skin_Dissertation/Dreem/data/processed/edf_data/MS03_V1_N9.edf	/Users/ellajadealex/Desktop/Mind_Skin_Dissertation/Dreem/data/processed/edf_data/MS03_V1_N9.eannot
MS03_VX	/Users/ellajadealex/Desktop/Mind_Skin_Dissertation/Dreem/data/processed/edf_data/MS03_VX.edf	/Users/ellajadealex/Desktop/Mind_Skin_Dissertation/Dreem/data/processed/edf_data/MS03_VX.eannot
MS04_V1_N1	/Users/ellajadealex/Desktop/Mind_Skin_Dissertation/Dreem/data/processed/edf_data/MS04_V1_N1.edf	/Users/ellajadealex/Desktop/Mind_Skin_Dissertation/Dreem/data/processed/edf_data/MS04_V1_N1.eannot
MS04_V1_N10	/Users/ellajadealex/Desktop/Mind_Skin_Dissertation/Dreem/data/processed/edf_data/MS04_V1_N10.edf	/Users/ellajadealex/Desktop/Mind_Skin_Dissertation/Dreem/data/processed/edf_data/MS04_V1_N10.eannot
MS04_V1_N11	/Users/ellajadealex/Desktop/Mind_Skin_Dissertation/Dreem/data/processed/edf_data/MS04_V1_N11.edf	/Users/ellajadealex/Desktop/Mind_Skin_Dissertation/Dreem/data/processed/edf_data/MS04_V1_N11.eannot
MS04_V1_N2	/Users/ellajadealex/Desktop/Mind_Skin_Dissertation/Dreem/data/processed/edf_data/MS04_V1_N2.edf	/Users/ellajadealex/Desktop/Mind_Skin_Dissertation/Dreem/data/processed/edf_data/MS04_V1_N2.eannot
MS04_V1_N3	/Users/ellajadealex/Desktop/Mind_Skin_Dissertation/Dreem/data/processed/edf_data/MS04_V1_N3.edf	/Users/ellajadealex/Desktop/Mind_Skin_Dissertation/Dreem/data/processed/edf_data/MS04_V1_N3.eannot
MS04_V1_N4	/Users/ellajadealex/Desktop/Mind_Skin_Dissertation/Dreem/data/processed/edf_data/MS04_V1_N4.edf	/Users/ellajadealex/Desktop/Mind_Skin_Dissertation/Dreem/data/processed/edf_data/MS04_V1_N4.eannot
MS04_V1_N5	/Users/ellajadealex/Desktop/Mind_Skin_Dissertation/Dreem/data/processed/edf_data/MS04_V1_N5.edf	/Users/ellajadealex/Desktop/Mind_Skin_Dissertation/Dreem/data/processed/edf_data/MS04_V1_N5.eannot
MS04_V1_N6	/Users/ellajadealex/Desktop/Mind_Skin_Dissertation/Dreem/data/processed/edf_data/MS04_V1_N6.edf	/Users/ellajadealex/Desktop/Mind_Skin_Dissertation/Dreem/data/processed/edf_data/MS04_V1_N6.eannot
MS04_V1_N7	/Users/ellajadealex/Desktop/Mind_Skin_Dissertation/Dreem/data/processed/edf_data/MS04_V1_N7.edf	/Users/ellajadealex/Desktop/Mind_Skin_Dissertation/Dreem/data/processed/edf_data/MS04_V1_N7.eannot
MS04_V1_N8	/Users/ellajadealex/Desktop/Mind_Skin_Dissertation/Dreem/data/processed/edf_data/MS04_V1_N8.edf	/Users/ellajadealex/Desktop/Mind_Skin_Dissertation/Dreem/data/processed/edf_data/MS04_V1_N8.eannot
MS04_V1_N9	/Users/ellajadealex/Desktop/Mind_Skin_Dissertation/Dreem/data/processed/edf_data/MS04_V1_N9.edf	/Users/ellajadealex/Desktop/Mind_Skin_Dissertation/Dreem/data/processed/edf_data/MS04_V1_N9.eannot
MS04_V2_N1	/Users/ellajadealex/Desktop/Mind_Skin_Dissertation/Dreem/data/processed/edf_data/MS04_V2_N1.edf	/Users/ellajadealex/Desktop/Mind_Skin_Dissertation/Dreem/data/processed/edf_data/MS04_V2_N1.eannot
MS04_V2_N2	/Users/ellajadealex/Desktop/Mind_Skin_Dissertation/Dreem/data/processed/edf_data/MS04_V2_N2.edf	/Users/ellajadealex/Desktop/Mind_Skin_Dissertation/Dreem/data/processed/edf_data/MS04_V2_N2.eannot
MS04_V2_N3	/Users/ellajadealex/Desktop/Mind_Skin_Dissertation/Dreem/data/processed/edf_data/MS04_V2_N3.edf	/Users/ellajadealex/Desktop/Mind_Skin_Dissertation/Dreem/data/processed/edf_data/MS04_V2_N3.eannot
MS04_V2_N4	/Users/ellajadealex/Desktop/Mind_Skin_Dissertation/Dreem/data/processed/edf_data/MS04_V2_N4.edf	/Users/ellajadealex/Desktop/Mind_Skin_Dissertation/Dreem/data/processed/edf_data/MS04_V2_N4.eannot
MS04_V2_N5	/Users/ellajadealex/Desktop/Mind_Skin_Dissertation/Dreem/data/processed/edf_data/MS04_V2_N5.edf	/Users/ellajadealex/Desktop/Mind_Skin_Dissertation/Dreem/data/processed/edf_data/MS04_V2_N5.eannot
MS04_V2_N6	/Users/ellajadealex/Desktop/Mind_Skin_Dissertation/Dreem/data/processed/edf_data/MS04_V2_N6.edf	/Users/ellajadealex/Desktop/Mind_Skin_Dissertation/Dreem/data/processed/edf_data/MS04_V2_N6.eannot
MS04_V2_N7	/Users/ellajadealex/Desktop/Mind_Skin_Dissertation/Dreem/data/processed/edf_data/MS04_V2_N7.edf	/Users/ellajadealex/Desktop/Mind_Skin_Dissertation/Dreem/data/processed/edf_data/MS04_V2_N7.eannot
MS04_V2_N8	/Users/ellajadealex/Desktop/Mind_Skin_Dissertation/Dreem/data/processed/edf_data/MS04_V2_N8.edf	/Users/ellajadealex/Desktop/Mind_Skin_Dissertation/Dreem/data/processed/edf_data/MS04_V2_N8.eannot
MS04_V2_N9	/Users/ellajadealex/Desktop/Mind_Skin_Dissertation/Dreem/data/processed/edf_data/MS04_V2_N9.edf	/Users/ellajadealex/Desktop/Mind_Skin_Dissertation/Dreem/data/processed/edf_data/MS04_V2_N9.eannot
MS05_V1_N1	/Users/ellajadealex/Desktop/Mind_Skin_Dissertation/Dreem/data/processed/edf_data/MS05_V1_N1.edf	/Users/ellajadealex/Desktop/Mind_Skin_Dissertation/Dreem/data/processed/edf_data/MS05_V1_N1.eannot
MS05_V1_N2	/Users/ellajadealex/Desktop/Mind_Skin_Dissertation/Dreem/data/processed/edf_data/MS05_V1_N2.edf	/Users/ellajadealex/Desktop/Mind_Skin_Dissertation/Dreem/data/processed/edf_data/MS05_V1_N2.eannot
MS05_V1_N3	/Users/ellajadealex/Desktop/Mind_Skin_Dissertation/Dreem/data/processed/edf_data/MS05_V1_N3.edf	/Users/ellajadealex/Desktop/Mind_Skin_Dissertation/Dreem/data/processed/edf_data/MS05_V1_N3.eannot
MS05_V1_N4	/Users/ellajadealex/Desktop/Mind_Skin_Dissertation/Dreem/data/processed/edf_data/MS05_V1_N4.edf	/Users/ellajadealex/Desktop/Mind_Skin_Dissertation/Dreem/data/processed/edf_data/MS05_V1_N4.eannot
MS05_V1_N5	/Users/ellajadealex/Desktop/Mind_Skin_Dissertation/Dreem/data/processed/edf_data/MS05_V1_N5.edf	/Users/ellajadealex/Desktop/Mind_Skin_Dissertation/Dreem/data/processed/edf_data/MS05_V1_N5.eannot
MS05_V1_N6	/Users/ellajadealex/Desktop/Mind_Skin_Dissertation/Dreem/data/processed/edf_data/MS05_V1_N6.edf	/Users/ellajadealex/Desktop/Mind_Skin_Dissertation/Dreem/data/processed/edf_data/MS05_V1_N6.eannot
MS05_V1_N7	/Users/ellajadealex/Desktop/Mind_Skin_Dissertation/Dreem/data/processed/edf_data/MS05_V1_N7.edf	/Users/ellajadealex/Desktop/Mind_Skin_Dissertation/Dreem/data/processed/edf_data/MS05_V1_N7.eannot
MS05_V1_N8	/Users/ellajadealex/Desktop/Mind_Skin_Dissertation/Dreem/data/processed/edf_data/MS05_V1_N8.edf	/Users/ellajadealex/Desktop/Mind_Skin_Dissertation/Dreem/data/processed/edf_data/MS05_V1_N8.eannot
MS05_V1_N9	/Users/ellajadealex/Desktop/Mind_Skin_Dissertation/Dreem/data/processed/edf_data/MS05_V1_N9.edf	/Users/ellajadealex/Desktop/Mind_Skin_Dissertation/Dreem/data/processed/edf_data/MS05_V1_N9.eannot
MS06_V1_N2	/Users/ellajadealex/Desktop/Mind_Skin_Dissertation/Dreem/data/processed/edf_data/MS06_V1_N2.edf	/Users/ellajadealex/Desktop/Mind_Skin_Dissertation/Dreem/data/processed/edf_data/MS06_V1_N2.eannot
MS07_V1_N1	/Users/ellajadealex/Desktop/Mind_Skin_Dissertation/Dreem/data/processed/edf_data/MS07_V1_N1.edf	/Users/ellajadealex/Desktop/Mind_Skin_Dissertation/Dreem/data/processed/edf_data/MS07_V1_N1.eannot
MS07_V1_N10	/Users/ellajadealex/Desktop/Mind_Skin_Dissertation/Dreem/data/processed/edf_data/MS07_V1_N10.edf	/Users/ellajadealex/Desktop/Mind_Skin_Dissertation/Dreem/data/processed/edf_data/MS07_V1_N10.eannot
MS07_V1_N11	/Users/ellajadealex/Desktop/Mind_Skin_Dissertation/Dreem/data/processed/edf_data/MS07_V1_N11.edf	/Users/ellajadealex/Desktop/Mind_Skin_Dissertation/Dreem/data/processed/edf_data/MS07_V1_N11.eannot
MS07_V1_N12	/Users/ellajadealex/Desktop/Mind_Skin_Dissertation/Dreem/data/processed/edf_data/MS07_V1_N12.edf	/Users/ellajadealex/Desktop/Mind_Skin_Dissertation/Dreem/data/processed/edf_data/MS07_V1_N12.eannot
MS07_V1_N2	/Users/ellajadealex/Desktop/Mind_Skin_Dissertation/Dreem/data/processed/edf_data/MS07_V1_N2.edf	/Users/ellajadealex/Desktop/Mind_Skin_Dissertation/Dreem/data/processed/edf_data/MS07_V1_N2.eannot
MS07_V1_N3	/Users/ellajadealex/Desktop/Mind_Skin_Dissertation/Dreem/data/processed/edf_data/MS07_V1_N3.edf	/Users/ellajadealex/Desktop/Mind_Skin_Dissertation/Dreem/data/processed/edf_data/MS07_V1_N3.eannot
MS07_V1_N4	/Users/ellajadealex/Desktop/Mind_Skin_Dissertation/Dreem/data/processed/edf_data/MS07_V1_N4.edf	/Users/ellajadealex/Desktop/Mind_Skin_Dissertation/Dreem/data/processed/edf_data/MS07_V1_N4.eannot
MS07_V1_N5	/Users/ellajadealex/Desktop/Mind_Skin_Dissertation/Dreem/data/processed/edf_data/MS07_V1_N5.edf	/Users/ellajadealex/Desktop/Mind_Skin_Dissertation/Dreem/data/processed/edf_data/MS07_V1_N5.eannot
MS07_V1_N6	/Users/ellajadealex/Desktop/Mind_Skin_Dissertation/Dreem/data/processed/edf_data/MS07_V1_N6.edf	/Users/ellajadealex/Desktop/Mind_Skin_Dissertation/Dreem/data/processed/edf_data/MS07_V1_N6.eannot
MS07_V1_N8	/Users/ellajadealex/Desktop/Mind_Skin_Dissertation/Dreem/data/processed/edf_data/MS07_V1_N8.edf	/Users/ellajadealex/Desktop/Mind_Skin_Dissertation/Dreem/data/processed/edf_data/MS07_V1_N8.eannot
MS07_V1_N9	/Users/ellajadealex/Desktop/Mind_Skin_Dissertation/Dreem/data/processed/edf_data/MS07_V1_N9.edf	/Users/ellajadealex/Desktop/Mind_Skin_Dissertation/Dreem/data/processed/edf_data/MS07_V1_N9.eannot
MS08_V1_N1	/Users/ellajadealex/Desktop/Mind_Skin_Dissertation/Dreem/data/processed/edf_data/MS08_V1_N1.edf	/Users/ellajadealex/Desktop/Mind_Skin_Dissertation/Dreem/data/processed/edf_data/MS08_V1_N1.eannot
MS08_V1_N2	/Users/ellajadealex/Desktop/Mind_Skin_Dissertation/Dreem/data/processed/edf_data/MS08_V1_N2.edf	/Users/ellajadealex/Desktop/Mind_Skin_Dissertation/Dreem/data/processed/edf_data/MS08_V1_N2.eannot
MS08_V1_N3	/Users/ellajadealex/Desktop/Mind_Skin_Dissertation/Dreem/data/processed/edf_data/MS08_V1_N3.edf	/Users/ellajadealex/Desktop/Mind_Skin_Dissertation/Dreem/data/processed/edf_data/MS08_V1_N3.eannot
MS08_V1_N4	/Users/ellajadealex/Desktop/Mind_Skin_Dissertation/Dreem/data/processed/edf_data/MS08_V1_N4.edf	/Users/ellajadealex/Desktop/Mind_Skin_Dissertation/Dreem/data/processed/edf_data/MS08_V1_N4.eannot
MS08_V1_N5	/Users/ellajadealex/Desktop/Mind_Skin_Dissertation/Dreem/data/processed/edf_data/MS08_V1_N5.edf	/Users/ellajadealex/Desktop/Mind_Skin_Dissertation/Dreem/data/processed/edf_data/MS08_V1_N5.eannot
MS09_V1_N1	/Users/ellajadealex/Desktop/Mind_Skin_Dissertation/Dreem/data/processed/edf_data/MS09_V1_N1.edf	/Users/ellajadealex/Desktop/Mind_Skin_Dissertation/Dreem/data/processed/edf_data/MS09_V1_N1.eannot
MS09_V1_N10	/Users/ellajadealex/Desktop/Mind_Skin_Dissertation/Dreem/data/processed/edf_data/MS09_V1_N10.edf	/Users/ellajadealex/Desktop/Mind_Skin_Dissertation/Dreem/data/processed/edf_data/MS09_V1_N10.eannot
MS09_V1_N11	/Users/ellajadealex/Desktop/Mind_Skin_Dissertation/Dreem/data/processed/edf_data/MS09_V1_N11.edf	/Users/ellajadealex/Desktop/Mind_Skin_Dissertation/Dreem/data/processed/edf_data/MS09_V1_N11.eannot
MS09_V1_N12	/Users/ellajadealex/Desktop/Mind_Skin_Dissertation/Dreem/data/processed/edf_data/MS09_V1_N12.edf	/Users/ellajadealex/Desktop/Mind_Skin_Dissertation/Dreem/data/processed/edf_data/MS09_V1_N12.eannot
MS09_V1_N13	/Users/ellajadealex/Desktop/Mind_Skin_Dissertation/Dreem/data/processed/edf_data/MS09_V1_N13.edf	/Users/ellajadealex/Desktop/Mind_Skin_Dissertation/Dreem/data/processed/edf_data/MS09_V1_N13.eannot
MS09_V1_N2	/Users/ellajadealex/Desktop/Mind_Skin_Dissertation/Dreem/data/processed/edf_data/MS09_V1_N2.edf	/Users/ellajadealex/Desktop/Mind_Skin_Dissertation/Dreem/data/processed/edf_data/MS09_V1_N2.eannot
MS09_V1_N4	/Users/ellajadealex/Desktop/Mind_Skin_Dissertation/Dreem/data/processed/edf_data/MS09_V1_N4.edf	/Users/ellajadealex/Desktop/Mind_Skin_Dissertation/Dreem/data/processed/edf_data/MS09_V1_N4.eannot
MS09_V1_N5	/Users/ellajadealex/Desktop/Mind_Skin_Dissertation/Dreem/data/processed/edf_data/MS09_V1_N5.edf	/Users/ellajadealex/Desktop/Mind_Skin_Dissertation/Dreem/data/processed/edf_data/MS09_V1_N5.eannot
MS09_V1_N6	/Users/ellajadealex/Desktop/Mind_Skin_Dissertation/Dreem/data/processed/edf_data/MS09_V1_N6.edf	/Users/ellajadealex/Desktop/Mind_Skin_Dissertation/Dreem/data/processed/edf_data/MS09_V1_N6.eannot
MS09_V1_N7	/Users/ellajadealex/Desktop/Mind_Skin_Dissertation/Dreem/data/processed/edf_data/MS09_V1_N7.edf	/Users/ellajadealex/Desktop/Mind_Skin_Dissertation/Dreem/data/processed/edf_data/MS09_V1_N7.eannot
MS09_V1_N8	/Users/ellajadealex/Desktop/Mind_Skin_Dissertation/Dreem/data/processed/edf_data/MS09_V1_N8.edf	/Users/ellajadealex/Desktop/Mind_Skin_Dissertation/Dreem/data/processed/edf_data/MS09_V1_N8.eannot
MS09_V1_N9	/Users/ellajadealex/Desktop/Mind_Skin_Dissertation/Dreem/data/processed/edf_data/MS09_V1_N9.edf	/Users/ellajadealex/Desktop/Mind_Skin_Dissertation/Dreem/data/processed/edf_data/MS09_V1_N9.eannot
MS10_V1_N1	/Users/ellajadealex/Desktop/Mind_Skin_Dissertation/Dreem/data/processed/edf_data/MS10_V1_N1.edf	/Users/ellajadealex/Desktop/Mind_Skin_Dissertation/Dreem/data/processed/edf_data/MS10_V1_N1.eannot
MS10_V1_N2	/Users/ellajadealex/Desktop/Mind_Skin_Dissertation/Dreem/data/processed/edf_data/MS10_V1_N2.edf	/Users/ellajadealex/Desktop/Mind_Skin_Dissertation/Dreem/data/processed/edf_data/MS10_V1_N2.eannot
MS10_V1_N3	/Users/ellajadealex/Desktop/Mind_Skin_Dissertation/Dreem/data/processed/edf_data/MS10_V1_N3.edf	/Users/ellajadealex/Desktop/Mind_Skin_Dissertation/Dreem/data/processed/edf_data/MS10_V1_N3.eannot
MS10_V1_N4	/Users/ellajadealex/Desktop/Mind_Skin_Dissertation/Dreem/data/processed/edf_data/MS10_V1_N4.edf	/Users/ellajadealex/Desktop/Mind_Skin_Dissertation/Dreem/data/processed/edf_data/MS10_V1_N4.eannot
MS10_V1_N5	/Users/ellajadealex/Desktop/Mind_Skin_Dissertation/Dreem/data/processed/edf_data/MS10_V1_N5.edf	/Users/ellajadealex/Desktop/Mind_Skin_Dissertation/Dreem/data/processed/edf_data/MS10_V1_N5.eannot
MS10_V1_N6	/Users/ellajadealex/Desktop/Mind_Skin_Dissertation/Dreem/data/processed/edf_data/MS10_V1_N6.edf	/Users/ellajadealex/Desktop/Mind_Skin_Dissertation/Dreem/data/processed/edf_data/MS10_V1_N6.eannot
MS10_V1_N7	/Users/ellajadealex/Desktop/Mind_Skin_Dissertation/Dreem/data/processed/edf_data/MS10_V1_N7.edf	/Users/ellajadealex/Desktop/Mind_Skin_Dissertation/Dreem/data/processed/edf_data/MS10_V1_N7.eannot
MS10_V1_N8	/Users/ellajadealex/Desktop/Mind_Skin_Dissertation/Dreem/data/processed/edf_data/MS10_V1_N8.edf	/Users/ellajadealex/Desktop/Mind_Skin_Dissertation/Dreem/data/processed/edf_data/MS10_V1_N8.eannot
MS10_V1_N9	/Users/ellajadealex/Desktop/Mind_Skin_Dissertation/Dreem/data/processed/edf_data/MS10_V1_N9.edf	/Users/ellajadealex/Desktop/Mind_Skin_Dissertation/Dreem/data/processed/edf_data/MS10_V1_N9.eannot
MS12_V1_N10	/Users/ellajadealex/Desktop/Mind_Skin_Dissertation/Dreem/data/processed/edf_data/MS12_V1_N10.edf	/Users/ellajadealex/Desktop/Mind_Skin_Dissertation/Dreem/data/processed/edf_data/MS12_V1_N10.eannot
MS12_V1_N2	/Users/ellajadealex/Desktop/Mind_Skin_Dissertation/Dreem/data/processed/edf_data/MS12_V1_N2.edf	/Users/ellajadealex/Desktop/Mind_Skin_Dissertation/Dreem/data/processed/edf_data/MS12_V1_N2.eannot
MS12_V1_N3	/Users/ellajadealex/Desktop/Mind_Skin_Dissertation/Dreem/data/processed/edf_data/MS12_V1_N3.edf	/Users/ellajadealex/Desktop/Mind_Skin_Dissertation/Dreem/data/processed/edf_data/MS12_V1_N3.eannot
MS12_V1_N4	/Users/ellajadealex/Desktop/Mind_Skin_Dissertation/Dreem/data/processed/edf_data/MS12_V1_N4.edf	/Users/ellajadealex/Desktop/Mind_Skin_Dissertation/Dreem/data/processed/edf_data/MS12_V1_N4.eannot
MS12_V1_N5_2	/Users/ellajadealex/Desktop/Mind_Skin_Dissertation/Dreem/data/processed/edf_data/MS12_V1_N5_2.edf	/Users/ellajadealex/Desktop/Mind_Skin_Dissertation/Dreem/data/processed/edf_data/MS12_V1_N5_2.eannot
MS12_V1_N6	/Users/ellajadealex/Desktop/Mind_Skin_Dissertation/Dreem/data/processed/edf_data/MS12_V1_N6.edf	/Users/ellajadealex/Desktop/Mind_Skin_Dissertation/Dreem/data/processed/edf_data/MS12_V1_N6.eannot
MS12_V1_N7	/Users/ellajadealex/Desktop/Mind_Skin_Dissertation/Dreem/data/processed/edf_data/MS12_V1_N7.edf	/Users/ellajadealex/Desktop/Mind_Skin_Dissertation/Dreem/data/processed/edf_data/MS12_V1_N7.eannot
MS12_V1_N8	/Users/ellajadealex/Desktop/Mind_Skin_Dissertation/Dreem/data/processed/edf_data/MS12_V1_N8.edf	/Users/ellajadealex/Desktop/Mind_Skin_Dissertation/Dreem/data/processed/edf_data/MS12_V1_N8.eannot
MS12_V1_N9	/Users/ellajadealex/Desktop/Mind_Skin_Dissertation/Dreem/data/processed/edf_data/MS12_V1_N9.edf	/Users/ellajadealex/Desktop/Mind_Skin_Dissertation/Dreem/data/processed/edf_data/MS12_V1_N9.eannot
MS14_V1_N11	/Users/ellajadealex/Desktop/Mind_Skin_Dissertation/Dreem/data/processed/edf_data/MS14_V1_N11.edf	/Users/ellajadealex/Desktop/Mind_Skin_Dissertation/Dreem/data/processed/edf_data/MS14_V1_N11.eannot
MS14_V1_N12	/Users/ellajadealex/Desktop/Mind_Skin_Dissertation/Dreem/data/processed/edf_data/MS14_V1_N12.edf	/Users/ellajadealex/Desktop/Mind_Skin_Dissertation/Dreem/data/processed/edf_data/MS14_V1_N12.eannot
MS14_V1_N13	/Users/ellajadealex/Desktop/Mind_Skin_Dissertation/Dreem/data/processed/edf_data/MS14_V1_N13.edf	/Users/ellajadealex/Desktop/Mind_Skin_Dissertation/Dreem/data/processed/edf_data/MS14_V1_N13.eannot
MS14_V1_N1_2	/Users/ellajadealex/Desktop/Mind_Skin_Dissertation/Dreem/data/processed/edf_data/MS14_V1_N1_2.edf	/Users/ellajadealex/Desktop/Mind_Skin_Dissertation/Dreem/data/processed/edf_data/MS14_V1_N1_2.eannot
MS14_V1_N2	/Users/ellajadealex/Desktop/Mind_Skin_Dissertation/Dreem/data/processed/edf_data/MS14_V1_N2.edf	/Users/ellajadealex/Desktop/Mind_Skin_Dissertation/Dreem/data/processed/edf_data/MS14_V1_N2.eannot
MS14_V1_N3	/Users/ellajadealex/Desktop/Mind_Skin_Dissertation/Dreem/data/processed/edf_data/MS14_V1_N3.edf	/Users/ellajadealex/Desktop/Mind_Skin_Dissertation/Dreem/data/processed/edf_data/MS14_V1_N3.eannot
MS14_V1_N4	/Users/ellajadealex/Desktop/Mind_Skin_Dissertation/Dreem/data/processed/edf_data/MS14_V1_N4.edf	/Users/ellajadealex/Desktop/Mind_Skin_Dissertation/Dreem/data/processed/edf_data/MS14_V1_N4.eannot
MS14_V1_N5	/Users/ellajadealex/Desktop/Mind_Skin_Dissertation/Dreem/data/processed/edf_data/MS14_V1_N5.edf	/Users/ellajadealex/Desktop/Mind_Skin_Dissertation/Dreem/data/processed/edf_data/MS14_V1_N5.eannot
MS14_V1_N6	/Users/ellajadealex/Desktop/Mind_Skin_Dissertation/Dreem/data/processed/edf_data/MS14_V1_N6.edf	/Users/ellajadealex/Desktop/Mind_Skin_Dissertation/Dreem/data/processed/edf_data/MS14_V1_N6.eannot
MS14_V1_N7	/Users/ellajadealex/Desktop/Mind_Skin_Dissertation/Dreem/data/processed/edf_data/MS14_V1_N7.edf	/Users/ellajadealex/Desktop/Mind_Skin_Dissertation/Dreem/data/processed/edf_data/MS14_V1_N7.eannot
MS14_V1_N8	/Users/ellajadealex/Desktop/Mind_Skin_Dissertation/Dreem/data/processed/edf_data/MS14_V1_N8.edf	/Users/ellajadealex/Desktop/Mind_Skin_Dissertation/Dreem/data/processed/edf_data/MS14_V1_N8.eannot
MS14_V1_N9	/Users/ellajadealex/Desktop/Mind_Skin_Dissertation/Dreem/data/processed/edf_data/MS14_V1_N9.edf	/Users/ellajadealex/Desktop/Mind_Skin_Dissertation/Dreem/data/processed/edf_data/MS14_V1_N9.eannot
MS16_V1_N10	/Users/ellajadealex/Desktop/Mind_Skin_Dissertation/Dreem/data/processed/edf_data/MS16_V1_N10.edf	/Users/ellajadealex/Desktop/Mind_Skin_Dissertation/Dreem/data/processed/edf_data/MS16_V1_N10.eannot
MS16_V1_N1_2	/Users/ellajadealex/Desktop/Mind_Skin_Dissertation/Dreem/data/processed/edf_data/MS16_V1_N1_2.edf	/Users/ellajadealex/Desktop/Mind_Skin_Dissertation/Dreem/data/processed/edf_data/MS16_V1_N1_2.eannot
MS16_V1_N3	/Users/ellajadealex/Desktop/Mind_Skin_Dissertation/Dreem/data/processed/edf_data/MS16_V1_N3.edf	/Users/ellajadealex/Desktop/Mind_Skin_Dissertation/Dreem/data/processed/edf_data/MS16_V1_N3.eannot
MS16_V1_N4	/Users/ellajadealex/Desktop/Mind_Skin_Dissertation/Dreem/data/processed/edf_data/MS16_V1_N4.edf	/Users/ellajadealex/Desktop/Mind_Skin_Dissertation/Dreem/data/processed/edf_data/MS16_V1_N4.eannot
MS16_V1_N5	/Users/ellajadealex/Desktop/Mind_Skin_Dissertation/Dreem/data/processed/edf_data/MS16_V1_N5.edf	/Users/ellajadealex/Desktop/Mind_Skin_Dissertation/Dreem/data/processed/edf_data/MS16_V1_N5.eannot
MS16_V1_N6	/Users/ellajadealex/Desktop/Mind_Skin_Dissertation/Dreem/data/processed/edf_data/MS16_V1_N6.edf	/Users/ellajadealex/Desktop/Mind_Skin_Dissertation/Dreem/data/processed/edf_data/MS16_V1_N6.eannot
MS16_V1_N7	/Users/ellajadealex/Desktop/Mind_Skin_Dissertation/Dreem/data/processed/edf_data/MS16_V1_N7.edf	/Users/ellajadealex/Desktop/Mind_Skin_Dissertation/Dreem/data/processed/edf_data/MS16_V1_N7.eannot
MS16_V1_N8	/Users/ellajadealex/Desktop/Mind_Skin_Dissertation/Dreem/data/processed/edf_data/MS16_V1_N8.edf	/Users/ellajadealex/Desktop/Mind_Skin_Dissertation/Dreem/data/processed/edf_data/MS16_V1_N8.eannot
MS16_V1_N9	/Users/ellajadealex/Desktop/Mind_Skin_Dissertation/Dreem/data/processed/edf_data/MS16_V1_N9.edf	/Users/ellajadealex/Desktop/Mind_Skin_Dissertation/Dreem/data/processed/edf_data/MS16_V1_N9.eannot
MS18_V1_N10	/Users/ellajadealex/Desktop/Mind_Skin_Dissertation/Dreem/data/processed/edf_data/MS18_V1_N10.edf	/Users/ellajadealex/Desktop/Mind_Skin_Dissertation/Dreem/data/processed/edf_data/MS18_V1_N10.eannot
MS18_V1_N11_2	/Users/ellajadealex/Desktop/Mind_Skin_Dissertation/Dreem/data/processed/edf_data/MS18_V1_N11_2.edf	/Users/ellajadealex/Desktop/Mind_Skin_Dissertation/Dreem/data/processed/edf_data/MS18_V1_N11_2.eannot
MS18_V1_N12	/Users/ellajadealex/Desktop/Mind_Skin_Dissertation/Dreem/data/processed/edf_data/MS18_V1_N12.edf	/Users/ellajadealex/Desktop/Mind_Skin_Dissertation/Dreem/data/processed/edf_data/MS18_V1_N12.eannot
MS18_V1_N13	/Users/ellajadealex/Desktop/Mind_Skin_Dissertation/Dreem/data/processed/edf_data/MS18_V1_N13.edf	/Users/ellajadealex/Desktop/Mind_Skin_Dissertation/Dreem/data/processed/edf_data/MS18_V1_N13.eannot
MS18_V1_N8	/Users/ellajadealex/Desktop/Mind_Skin_Dissertation/Dreem/data/processed/edf_data/MS18_V1_N8.edf	/Users/ellajadealex/Desktop/Mind_Skin_Dissertation/Dreem/data/processed/edf_data/MS18_V1_N8.eannot
MS18_V1_N9	/Users/ellajadealex/Desktop/Mind_Skin_Dissertation/Dreem/data/processed/edf_data/MS18_V1_N9.edf	/Users/ellajadealex/Desktop/Mind_Skin_Dissertation/Dreem/data/processed/edf_data/MS18_V1_N9.eannot
MS19_V1_N1	/Users/ellajadealex/Desktop/Mind_Skin_Dissertation/Dreem/data/processed/edf_data/MS19_V1_N1.edf	/Users/ellajadealex/Desktop/Mind_Skin_Dissertation/Dreem/data/processed/edf_data/MS19_V1_N1.eannot
MS19_V1_N10	/Users/ellajadealex/Desktop/Mind_Skin_Dissertation/Dreem/data/processed/edf_data/MS19_V1_N10.edf	/Users/ellajadealex/Desktop/Mind_Skin_Dissertation/Dreem/data/processed/edf_data/MS19_V1_N10.eannot
MS19_V1_N11	/Users/ellajadealex/Desktop/Mind_Skin_Dissertation/Dreem/data/processed/edf_data/MS19_V1_N11.edf	/Users/ellajadealex/Desktop/Mind_Skin_Dissertation/Dreem/data/processed/edf_data/MS19_V1_N11.eannot
MS19_V1_N12	/Users/ellajadealex/Desktop/Mind_Skin_Dissertation/Dreem/data/processed/edf_data/MS19_V1_N12.edf	/Users/ellajadealex/Desktop/Mind_Skin_Dissertation/Dreem/data/processed/edf_data/MS19_V1_N12.eannot
MS19_V1_N2	/Users/ellajadealex/Desktop/Mind_Skin_Dissertation/Dreem/data/processed/edf_data/MS19_V1_N2.edf	/Users/ellajadealex/Desktop/Mind_Skin_Dissertation/Dreem/data/processed/edf_data/MS19_V1_N2.eannot
MS19_V1_N3	/Users/ellajadealex/Desktop/Mind_Skin_Dissertation/Dreem/data/processed/edf_data/MS19_V1_N3.edf	/Users/ellajadealex/Desktop/Mind_Skin_Dissertation/Dreem/data/processed/edf_data/MS19_V1_N3.eannot
MS19_V1_N4	/Users/ellajadealex/Desktop/Mind_Skin_Dissertation/Dreem/data/processed/edf_data/MS19_V1_N4.edf	/Users/ellajadealex/Desktop/Mind_Skin_Dissertation/Dreem/data/processed/edf_data/MS19_V1_N4.eannot
MS19_V1_N5	/Users/ellajadealex/Desktop/Mind_Skin_Dissertation/Dreem/data/processed/edf_data/MS19_V1_N5.edf	/Users/ellajadealex/Desktop/Mind_Skin_Dissertation/Dreem/data/processed/edf_data/MS19_V1_N5.eannot
MS19_V1_N6	/Users/ellajadealex/Desktop/Mind_Skin_Dissertation/Dreem/data/processed/edf_data/MS19_V1_N6.edf	/Users/ellajadealex/Desktop/Mind_Skin_Dissertation/Dreem/data/processed/edf_data/MS19_V1_N6.eannot
MS19_V1_N7	/Users/ellajadealex/Desktop/Mind_Skin_Dissertation/Dreem/data/processed/edf_data/MS19_V1_N7.edf	/Users/ellajadealex/Desktop/Mind_Skin_Dissertation/Dreem/data/processed/edf_data/MS19_V1_N7.eannot
MS19_V1_N8	/Users/ellajadealex/Desktop/Mind_Skin_Dissertation/Dreem/data/processed/edf_data/MS19_V1_N8.edf	/Users/ellajadealex/Desktop/Mind_Skin_Dissertation/Dreem/data/processed/edf_data/MS19_V1_N8.eannot
MS19_V1_N9	/Users/ellajadealex/Desktop/Mind_Skin_Dissertation/Dreem/data/processed/edf_data/MS19_V1_N9.edf	/Users/ellajadealex/Desktop/Mind_Skin_Dissertation/Dreem/data/processed/edf_data/MS19_V1_N9.eannot
MS21_V1_N10	/Users/ellajadealex/Desktop/Mind_Skin_Dissertation/Dreem/data/processed/edf_data/MS21_V1_N10.edf	/Users/ellajadealex/Desktop/Mind_Skin_Dissertation/Dreem/data/processed/edf_data/MS21_V1_N10.eannot
MS21_V1_N11	/Users/ellajadealex/Desktop/Mind_Skin_Dissertation/Dreem/data/processed/edf_data/MS21_V1_N11.edf	/Users/ellajadealex/Desktop/Mind_Skin_Dissertation/Dreem/data/processed/edf_data/MS21_V1_N11.eannot
MS21_V1_N12	/Users/ellajadealex/Desktop/Mind_Skin_Dissertation/Dreem/data/processed/edf_data/MS21_V1_N12.edf	/Users/ellajadealex/Desktop/Mind_Skin_Dissertation/Dreem/data/processed/edf_data/MS21_V1_N12.eannot
MS21_V1_N13	/Users/ellajadealex/Desktop/Mind_Skin_Dissertation/Dreem/data/processed/edf_data/MS21_V1_N13.edf	/Users/ellajadealex/Desktop/Mind_Skin_Dissertation/Dreem/data/processed/edf_data/MS21_V1_N13.eannot
MS21_V1_N1_3	/Users/ellajadealex/Desktop/Mind_Skin_Dissertation/Dreem/data/processed/edf_data/MS21_V1_N1_3.edf	/Users/ellajadealex/Desktop/Mind_Skin_Dissertation/Dreem/data/processed/edf_data/MS21_V1_N1_3.eannot
MS21_V1_N2	/Users/ellajadealex/Desktop/Mind_Skin_Dissertation/Dreem/data/processed/edf_data/MS21_V1_N2.edf	/Users/ellajadealex/Desktop/Mind_Skin_Dissertation/Dreem/data/processed/edf_data/MS21_V1_N2.eannot
MS21_V1_N3	/Users/ellajadealex/Desktop/Mind_Skin_Dissertation/Dreem/data/processed/edf_data/MS21_V1_N3.edf	/Users/ellajadealex/Desktop/Mind_Skin_Dissertation/Dreem/data/processed/edf_data/MS21_V1_N3.eannot
MS21_V1_N4	/Users/ellajadealex/Desktop/Mind_Skin_Dissertation/Dreem/data/processed/edf_data/MS21_V1_N4.edf	/Users/ellajadealex/Desktop/Mind_Skin_Dissertation/Dreem/data/processed/edf_data/MS21_V1_N4.eannot
MS21_V1_N5	/Users/ellajadealex/Desktop/Mind_Skin_Dissertation/Dreem/data/processed/edf_data/MS21_V1_N5.edf	/Users/ellajadealex/Desktop/Mind_Skin_Dissertation/Dreem/data/processed/edf_data/MS21_V1_N5.eannot
MS21_V1_N6	/Users/ellajadealex/Desktop/Mind_Skin_Dissertation/Dreem/data/processed/edf_data/MS21_V1_N6.edf	/Users/ellajadealex/Desktop/Mind_Skin_Dissertation/Dreem/data/processed/edf_data/MS21_V1_N6.eannot
MS21_V1_N7	/Users/ellajadealex/Desktop/Mind_Skin_Dissertation/Dreem/data/processed/edf_data/MS21_V1_N7.edf	/Users/ellajadealex/Desktop/Mind_Skin_Dissertation/Dreem/data/processed/edf_data/MS21_V1_N7.eannot
MS21_V1_N8	/Users/ellajadealex/Desktop/Mind_Skin_Dissertation/Dreem/data/processed/edf_data/MS21_V1_N8.edf	/Users/ellajadealex/Desktop/Mind_Skin_Dissertation/Dreem/data/processed/edf_data/MS21_V1_N8.eannot
MS21_V1_N9	/Users/ellajadealex/Desktop/Mind_Skin_Dissertation/Dreem/data/processed/edf_data/MS21_V1_N9.edf	/Users/ellajadealex/Desktop/Mind_Skin_Dissertation/Dreem/data/processed/edf_data/MS21_V1_N9.eannot
MS22_V1_N1	/Users/ellajadealex/Desktop/Mind_Skin_Dissertation/Dreem/data/processed/edf_data/MS22_V1_N1.edf	/Users/ellajadealex/Desktop/Mind_Skin_Dissertation/Dreem/data/processed/edf_data/MS22_V1_N1.eannot
MS22_V1_N10_2	/Users/ellajadealex/Desktop/Mind_Skin_Dissertation/Dreem/data/processed/edf_data/MS22_V1_N10_2.edf	/Users/ellajadealex/Desktop/Mind_Skin_Dissertation/Dreem/data/processed/edf_data/MS22_V1_N10_2.eannot
MS22_V1_N11	/Users/ellajadealex/Desktop/Mind_Skin_Dissertation/Dreem/data/processed/edf_data/MS22_V1_N11.edf	/Users/ellajadealex/Desktop/Mind_Skin_Dissertation/Dreem/data/processed/edf_data/MS22_V1_N11.eannot
MS22_V1_N12	/Users/ellajadealex/Desktop/Mind_Skin_Dissertation/Dreem/data/processed/edf_data/MS22_V1_N12.edf	/Users/ellajadealex/Desktop/Mind_Skin_Dissertation/Dreem/data/processed/edf_data/MS22_V1_N12.eannot
MS22_V1_N2	/Users/ellajadealex/Desktop/Mind_Skin_Dissertation/Dreem/data/processed/edf_data/MS22_V1_N2.edf	/Users/ellajadealex/Desktop/Mind_Skin_Dissertation/Dreem/data/processed/edf_data/MS22_V1_N2.eannot
MS22_V1_N5	/Users/ellajadealex/Desktop/Mind_Skin_Dissertation/Dreem/data/processed/edf_data/MS22_V1_N5.edf	/Users/ellajadealex/Desktop/Mind_Skin_Dissertation/Dreem/data/processed/edf_data/MS22_V1_N5.eannot
MS22_V1_N6	/Users/ellajadealex/Desktop/Mind_Skin_Dissertation/Dreem/data/processed/edf_data/MS22_V1_N6.edf	/Users/ellajadealex/Desktop/Mind_Skin_Dissertation/Dreem/data/processed/edf_data/MS22_V1_N6.eannot
MS22_V1_N7	/Users/ellajadealex/Desktop/Mind_Skin_Dissertation/Dreem/data/processed/edf_data/MS22_V1_N7.edf	/Users/ellajadealex/Desktop/Mind_Skin_Dissertation/Dreem/data/processed/edf_data/MS22_V1_N7.eannot
MS22_V1_N8	/Users/ellajadealex/Desktop/Mind_Skin_Dissertation/Dreem/data/processed/edf_data/MS22_V1_N8.edf	/Users/ellajadealex/Desktop/Mind_Skin_Dissertation/Dreem/data/processed/edf_data/MS22_V1_N8.eannot
MS22_V1_N9_2	/Users/ellajadealex/Desktop/Mind_Skin_Dissertation/Dreem/data/processed/edf_data/MS22_V1_N9_2.edf	/Users/ellajadealex/Desktop/Mind_Skin_Dissertation/Dreem/data/processed/edf_data/MS22_V1_N9_2.eannot
MS23_V1_N2	/Users/ellajadealex/Desktop/Mind_Skin_Dissertation/Dreem/data/processed/edf_data/MS23_V1_N2.edf	/Users/ellajadealex/Desktop/Mind_Skin_Dissertation/Dreem/data/processed/edf_data/MS23_V1_N2.eannot
MS23_V1_N3	/Users/ellajadealex/Desktop/Mind_Skin_Dissertation/Dreem/data/processed/edf_data/MS23_V1_N3.edf	/Users/ellajadealex/Desktop/Mind_Skin_Dissertation/Dreem/data/processed/edf_data/MS23_V1_N3.eannot
MS23_V1_N4	/Users/ellajadealex/Desktop/Mind_Skin_Dissertation/Dreem/data/processed/edf_data/MS23_V1_N4.edf	/Users/ellajadealex/Desktop/Mind_Skin_Dissertation/Dreem/data/processed/edf_data/MS23_V1_N4.eannot
MS23_V1_N5	/Users/ellajadealex/Desktop/Mind_Skin_Dissertation/Dreem/data/processed/edf_data/MS23_V1_N5.edf	/Users/ellajadealex/Desktop/Mind_Skin_Dissertation/Dreem/data/processed/edf_data/MS23_V1_N5.eannot
MS23_V1_N6	/Users/ellajadealex/Desktop/Mind_Skin_Dissertation/Dreem/data/processed/edf_data/MS23_V1_N6.edf	/Users/ellajadealex/Desktop/Mind_Skin_Dissertation/Dreem/data/processed/edf_data/MS23_V1_N6.eannot
MS23_V1_N7	/Users/ellajadealex/Desktop/Mind_Skin_Dissertation/Dreem/data/processed/edf_data/MS23_V1_N7.edf	/Users/ellajadealex/Desktop/Mind_Skin_Dissertation/Dreem/data/processed/edf_data/MS23_V1_N7.eannot
MS23_V1_N8	/Users/ellajadealex/Desktop/Mind_Skin_Dissertation/Dreem/data/processed/edf_data/MS23_V1_N8.edf	/Users/ellajadealex/Desktop/Mind_Skin_Dissertation/Dreem/data/processed/edf_data/MS23_V1_N8.eannot
MS23_V1_N9	/Users/ellajadealex/Desktop/Mind_Skin_Dissertation/Dreem/data/processed/edf_data/MS23_V1_N9.edf	/Users/ellajadealex/Desktop/Mind_Skin_Dissertation/Dreem/data/processed/edf_data/MS23_V1_N9.eannot
MS25_V1_N1	/Users/ellajadealex/Desktop/Mind_Skin_Dissertation/Dreem/data/processed/edf_data/MS25_V1_N1.edf	/Users/ellajadealex/Desktop/Mind_Skin_Dissertation/Dreem/data/processed/edf_data/MS25_V1_N1.eannot
MS25_V1_N10	/Users/ellajadealex/Desktop/Mind_Skin_Dissertation/Dreem/data/processed/edf_data/MS25_V1_N10.edf	/Users/ellajadealex/Desktop/Mind_Skin_Dissertation/Dreem/data/processed/edf_data/MS25_V1_N10.eannot
MS25_V1_N2	/Users/ellajadealex/Desktop/Mind_Skin_Dissertation/Dreem/data/processed/edf_data/MS25_V1_N2.edf	/Users/ellajadealex/Desktop/Mind_Skin_Dissertation/Dreem/data/processed/edf_data/MS25_V1_N2.eannot
MS25_V1_N3	/Users/ellajadealex/Desktop/Mind_Skin_Dissertation/Dreem/data/processed/edf_data/MS25_V1_N3.edf	/Users/ellajadealex/Desktop/Mind_Skin_Dissertation/Dreem/data/processed/edf_data/MS25_V1_N3.eannot
MS25_V1_N4	/Users/ellajadealex/Desktop/Mind_Skin_Dissertation/Dreem/data/processed/edf_data/MS25_V1_N4.edf	/Users/ellajadealex/Desktop/Mind_Skin_Dissertation/Dreem/data/processed/edf_data/MS25_V1_N4.eannot
MS25_V1_N5	/Users/ellajadealex/Desktop/Mind_Skin_Dissertation/Dreem/data/processed/edf_data/MS25_V1_N5.edf	/Users/ellajadealex/Desktop/Mind_Skin_Dissertation/Dreem/data/processed/edf_data/MS25_V1_N5.eannot
MS25_V1_N6	/Users/ellajadealex/Desktop/Mind_Skin_Dissertation/Dreem/data/processed/edf_data/MS25_V1_N6.edf	/Users/ellajadealex/Desktop/Mind_Skin_Dissertation/Dreem/data/processed/edf_data/MS25_V1_N6.eannot
MS25_V1_N7	/Users/ellajadealex/Desktop/Mind_Skin_Dissertation/Dreem/data/processed/edf_data/MS25_V1_N7.edf	/Users/ellajadealex/Desktop/Mind_Skin_Dissertation/Dreem/data/processed/edf_data/MS25_V1_N7.eannot
MS25_V1_N8	/Users/ellajadealex/Desktop/Mind_Skin_Dissertation/Dreem/data/processed/edf_data/MS25_V1_N8.edf	/Users/ellajadealex/Desktop/Mind_Skin_Dissertation/Dreem/data/processed/edf_data/MS25_V1_N8.eannot
MS25_V1_N9	/Users/ellajadealex/Desktop/Mind_Skin_Dissertation/Dreem/data/processed/edf_data/MS25_V1_N9.edf	/Users/ellajadealex/Desktop/Mind_Skin_Dissertation/Dreem/data/processed/edf_data/MS25_V1_N9.eannot
MS26_V1_N1	/Users/ellajadealex/Desktop/Mind_Skin_Dissertation/Dreem/data/processed/edf_data/MS26_V1_N1.edf	/Users/ellajadealex/Desktop/Mind_Skin_Dissertation/Dreem/data/processed/edf_data/MS26_V1_N1.eannot
MS26_V1_N10	/Users/ellajadealex/Desktop/Mind_Skin_Dissertation/Dreem/data/processed/edf_data/MS26_V1_N10.edf	/Users/ellajadealex/Desktop/Mind_Skin_Dissertation/Dreem/data/processed/edf_data/MS26_V1_N10.eannot
MS26_V1_N2	/Users/ellajadealex/Desktop/Mind_Skin_Dissertation/Dreem/data/processed/edf_data/MS26_V1_N2.edf	/Users/ellajadealex/Desktop/Mind_Skin_Dissertation/Dreem/data/processed/edf_data/MS26_V1_N2.eannot
MS26_V1_N3	/Users/ellajadealex/Desktop/Mind_Skin_Dissertation/Dreem/data/processed/edf_data/MS26_V1_N3.edf	/Users/ellajadealex/Desktop/Mind_Skin_Dissertation/Dreem/data/processed/edf_data/MS26_V1_N3.eannot
MS26_V1_N4	/Users/ellajadealex/Desktop/Mind_Skin_Dissertation/Dreem/data/processed/edf_data/MS26_V1_N4.edf	/Users/ellajadealex/Desktop/Mind_Skin_Dissertation/Dreem/data/processed/edf_data/MS26_V1_N4.eannot
MS26_V1_N6	/Users/ellajadealex/Desktop/Mind_Skin_Dissertation/Dreem/data/processed/edf_data/MS26_V1_N6.edf	/Users/ellajadealex/Desktop/Mind_Skin_Dissertation/Dreem/data/processed/edf_data/MS26_V1_N6.eannot
MS26_V1_N7_2	/Users/ellajadealex/Desktop/Mind_Skin_Dissertation/Dreem/data/processed/edf_data/MS26_V1_N7_2.edf	/Users/ellajadealex/Desktop/Mind_Skin_Dissertation/Dreem/data/processed/edf_data/MS26_V1_N7_2.eannot
MS26_V1_N8_2	/Users/ellajadealex/Desktop/Mind_Skin_Dissertation/Dreem/data/processed/edf_data/MS26_V1_N8_2.edf	/Users/ellajadealex/Desktop/Mind_Skin_Dissertation/Dreem/data/processed/edf_data/MS26_V1_N8_2.eannot
MS26_V1_N9	/Users/ellajadealex/Desktop/Mind_Skin_Dissertation/Dreem/data/processed/edf_data/MS26_V1_N9.edf	/Users/ellajadealex/Desktop/Mind_Skin_Dissertation/Dreem/data/processed/edf_data/MS26_V1_N9.eannot
MS27_V1_N1	/Users/ellajadealex/Desktop/Mind_Skin_Dissertation/Dreem/data/processed/edf_data/MS27_V1_N1.edf	/Users/ellajadealex/Desktop/Mind_Skin_Dissertation/Dreem/data/processed/edf_data/MS27_V1_N1.eannot
MS27_V1_N2	/Users/ellajadealex/Desktop/Mind_Skin_Dissertation/Dreem/data/processed/edf_data/MS27_V1_N2.edf	/Users/ellajadealex/Desktop/Mind_Skin_Dissertation/Dreem/data/processed/edf_data/MS27_V1_N2.eannot
MS27_V1_N3	/Users/ellajadealex/Desktop/Mind_Skin_Dissertation/Dreem/data/processed/edf_data/MS27_V1_N3.edf	/Users/ellajadealex/Desktop/Mind_Skin_Dissertation/Dreem/data/processed/edf_data/MS27_V1_N3.eannot
MS27_V1_N4	/Users/ellajadealex/Desktop/Mind_Skin_Dissertation/Dreem/data/processed/edf_data/MS27_V1_N4.edf	/Users/ellajadealex/Desktop/Mind_Skin_Dissertation/Dreem/data/processed/edf_data/MS27_V1_N4.eannot
MS27_V1_N5	/Users/ellajadealex/Desktop/Mind_Skin_Dissertation/Dreem/data/processed/edf_data/MS27_V1_N5.edf	/Users/ellajadealex/Desktop/Mind_Skin_Dissertation/Dreem/data/processed/edf_data/MS27_V1_N5.eannot
MS27_V1_N6	/Users/ellajadealex/Desktop/Mind_Skin_Dissertation/Dreem/data/processed/edf_data/MS27_V1_N6.edf	/Users/ellajadealex/Desktop/Mind_Skin_Dissertation/Dreem/data/processed/edf_data/MS27_V1_N6.eannot
MS27_V1_N7	/Users/ellajadealex/Desktop/Mind_Skin_Dissertation/Dreem/data/processed/edf_data/MS27_V1_N7.edf	/Users/ellajadealex/Desktop/Mind_Skin_Dissertation/Dreem/data/processed/edf_data/MS27_V1_N7.eannot
MS27_V1_N8	/Users/ellajadealex/Desktop/Mind_Skin_Dissertation/Dreem/data/processed/edf_data/MS27_V1_N8.edf	/Users/ellajadealex/Desktop/Mind_Skin_Dissertation/Dreem/data/processed/edf_data/MS27_V1_N8.eannot
MS27_V1_N9	/Users/ellajadealex/Desktop/Mind_Skin_Dissertation/Dreem/data/processed/edf_data/MS27_V1_N9.edf	/Users/ellajadealex/Desktop/Mind_Skin_Dissertation/Dreem/data/processed/edf_data/MS27_V1_N9.eannot
MS28_V1_N2	/Users/ellajadealex/Desktop/Mind_Skin_Dissertation/Dreem/data/processed/edf_data/MS28_V1_N2.edf	/Users/ellajadealex/Desktop/Mind_Skin_Dissertation/Dreem/data/processed/edf_data/MS28_V1_N2.eannot
MS28_V1_N6	/Users/ellajadealex/Desktop/Mind_Skin_Dissertation/Dreem/data/processed/edf_data/MS28_V1_N6.edf	/Users/ellajadealex/Desktop/Mind_Skin_Dissertation/Dreem/data/processed/edf_data/MS28_V1_N6.eannot
MS28_V1_N7	/Users/ellajadealex/Desktop/Mind_Skin_Dissertation/Dreem/data/processed/edf_data/MS28_V1_N7.edf	/Users/ellajadealex/Desktop/Mind_Skin_Dissertation/Dreem/data/processed/edf_data/MS28_V1_N7.eannot
MS28_V1_N8	/Users/ellajadealex/Desktop/Mind_Skin_Dissertation/Dreem/data/processed/edf_data/MS28_V1_N8.edf	/Users/ellajadealex/Desktop/Mind_Skin_Dissertation/Dreem/data/processed/edf_data/MS28_V1_N8.eannot
MS29_V1_NX	/Users/ellajadealex/Desktop/Mind_Skin_Dissertation/Dreem/data/processed/edf_data/MS29_V1_NX.edf	/Users/ellajadealex/Desktop/Mind_Skin_Dissertation/Dreem/data/processed/edf_data/MS29_V1_NX.eannot
MS30_V1_N1	/Users/ellajadealex/Desktop/Mind_Skin_Dissertation/Dreem/data/processed/edf_data/MS30_V1_N1.edf	/Users/ellajadealex/Desktop/Mind_Skin_Dissertation/Dreem/data/processed/edf_data/MS30_V1_N1.eannot
MS30_V1_N10	/Users/ellajadealex/Desktop/Mind_Skin_Dissertation/Dreem/data/processed/edf_data/MS30_V1_N10.edf	/Users/ellajadealex/Desktop/Mind_Skin_Dissertation/Dreem/data/processed/edf_data/MS30_V1_N10.eannot
MS30_V1_N2	/Users/ellajadealex/Desktop/Mind_Skin_Dissertation/Dreem/data/processed/edf_data/MS30_V1_N2.edf	/Users/ellajadealex/Desktop/Mind_Skin_Dissertation/Dreem/data/processed/edf_data/MS30_V1_N2.eannot
MS30_V1_N3	/Users/ellajadealex/Desktop/Mind_Skin_Dissertation/Dreem/data/processed/edf_data/MS30_V1_N3.edf	/Users/ellajadealex/Desktop/Mind_Skin_Dissertation/Dreem/data/processed/edf_data/MS30_V1_N3.eannot
MS30_V1_N4	/Users/ellajadealex/Desktop/Mind_Skin_Dissertation/Dreem/data/processed/edf_data/MS30_V1_N4.edf	/Users/ellajadealex/Desktop/Mind_Skin_Dissertation/Dreem/data/processed/edf_data/MS30_V1_N4.eannot
MS30_V1_N5	/Users/ellajadealex/Desktop/Mind_Skin_Dissertation/Dreem/data/processed/edf_data/MS30_V1_N5.edf	/Users/ellajadealex/Desktop/Mind_Skin_Dissertation/Dreem/data/processed/edf_data/MS30_V1_N5.eannot
MS30_V1_N6	/Users/ellajadealex/Desktop/Mind_Skin_Dissertation/Dreem/data/processed/edf_data/MS30_V1_N6.edf	/Users/ellajadealex/Desktop/Mind_Skin_Dissertation/Dreem/data/processed/edf_data/MS30_V1_N6.eannot
MS30_V1_N7	/Users/ellajadealex/Desktop/Mind_Skin_Dissertation/Dreem/data/processed/edf_data/MS30_V1_N7.edf	/Users/ellajadealex/Desktop/Mind_Skin_Dissertation/Dreem/data/processed/edf_data/MS30_V1_N7.eannot
MS30_V1_N8	/Users/ellajadealex/Desktop/Mind_Skin_Dissertation/Dreem/data/processed/edf_data/MS30_V1_N8.edf	/Users/ellajadealex/Desktop/Mind_Skin_Dissertation/Dreem/data/processed/edf_data/MS30_V1_N8.eannot
MS30_V1_N9	/Users/ellajadealex/Desktop/Mind_Skin_Dissertation/Dreem/data/processed/edf_data/MS30_V1_N9.edf	/Users/ellajadealex/Desktop/Mind_Skin_Dissertation/Dreem/data/processed/edf_data/MS30_V1_N9.eannot
MS31_V1_N1_1	/Users/ellajadealex/Desktop/Mind_Skin_Dissertation/Dreem/data/processed/edf_data/MS31_V1_N1_1.edf	/Users/ellajadealex/Desktop/Mind_Skin_Dissertation/Dreem/data/processed/edf_data/MS31_V1_N1_1.eannot
MS31_V1_N1_2	/Users/ellajadealex/Desktop/Mind_Skin_Dissertation/Dreem/data/processed/edf_data/MS31_V1_N1_2.edf	/Users/ellajadealex/Desktop/Mind_Skin_Dissertation/Dreem/data/processed/edf_data/MS31_V1_N1_2.eannot
MS31_V1_N2	/Users/ellajadealex/Desktop/Mind_Skin_Dissertation/Dreem/data/processed/edf_data/MS31_V1_N2.edf	/Users/ellajadealex/Desktop/Mind_Skin_Dissertation/Dreem/data/processed/edf_data/MS31_V1_N2.eannot
MS31_V1_N3	/Users/ellajadealex/Desktop/Mind_Skin_Dissertation/Dreem/data/processed/edf_data/MS31_V1_N3.edf	/Users/ellajadealex/Desktop/Mind_Skin_Dissertation/Dreem/data/processed/edf_data/MS31_V1_N3.eannot
MS31_V1_N5_3	/Users/ellajadealex/Desktop/Mind_Skin_Dissertation/Dreem/data/processed/edf_data/MS31_V1_N5_3.edf	/Users/ellajadealex/Desktop/Mind_Skin_Dissertation/Dreem/data/processed/edf_data/MS31_V1_N5_3.eannot
MS31_V1_N6	/Users/ellajadealex/Desktop/Mind_Skin_Dissertation/Dreem/data/processed/edf_data/MS31_V1_N6.edf	/Users/ellajadealex/Desktop/Mind_Skin_Dissertation/Dreem/data/processed/edf_data/MS31_V1_N6.eannot
MS31_V1_N7	/Users/ellajadealex/Desktop/Mind_Skin_Dissertation/Dreem/data/processed/edf_data/MS31_V1_N7.edf	/Users/ellajadealex/Desktop/Mind_Skin_Dissertation/Dreem/data/processed/edf_data/MS31_V1_N7.eannot
MS31_V1_N8	/Users/ellajadealex/Desktop/Mind_Skin_Dissertation/Dreem/data/processed/edf_data/MS31_V1_N8.edf	/Users/ellajadealex/Desktop/Mind_Skin_Dissertation/Dreem/data/processed/edf_data/MS31_V1_N8.eannot
MS31_V1_N9	/Users/ellajadealex/Desktop/Mind_Skin_Dissertation/Dreem/data/processed/edf_data/MS31_V1_N9.edf	/Users/ellajadealex/Desktop/Mind_Skin_Dissertation/Dreem/data/processed/edf_data/MS31_V1_N9.eannot
MS32_V1_N1	/Users/ellajadealex/Desktop/Mind_Skin_Dissertation/Dreem/data/processed/edf_data/MS32_V1_N1.edf	/Users/ellajadealex/Desktop/Mind_Skin_Dissertation/Dreem/data/processed/edf_data/MS32_V1_N1.eannot
MS32_V1_N10	/Users/ellajadealex/Desktop/Mind_Skin_Dissertation/Dreem/data/processed/edf_data/MS32_V1_N10.edf	/Users/ellajadealex/Desktop/Mind_Skin_Dissertation/Dreem/data/processed/edf_data/MS32_V1_N10.eannot
MS32_V1_N11	/Users/ellajadealex/Desktop/Mind_Skin_Dissertation/Dreem/data/processed/edf_data/MS32_V1_N11.edf	/Users/ellajadealex/Desktop/Mind_Skin_Dissertation/Dreem/data/processed/edf_data/MS32_V1_N11.eannot
MS32_V1_N2	/Users/ellajadealex/Desktop/Mind_Skin_Dissertation/Dreem/data/processed/edf_data/MS32_V1_N2.edf	/Users/ellajadealex/Desktop/Mind_Skin_Dissertation/Dreem/data/processed/edf_data/MS32_V1_N2.eannot
MS32_V1_N3	/Users/ellajadealex/Desktop/Mind_Skin_Dissertation/Dreem/data/processed/edf_data/MS32_V1_N3.edf	/Users/ellajadealex/Desktop/Mind_Skin_Dissertation/Dreem/data/processed/edf_data/MS32_V1_N3.eannot
MS32_V1_N4	/Users/ellajadealex/Desktop/Mind_Skin_Dissertation/Dreem/data/processed/edf_data/MS32_V1_N4.edf	/Users/ellajadealex/Desktop/Mind_Skin_Dissertation/Dreem/data/processed/edf_data/MS32_V1_N4.eannot
MS32_V1_N5	/Users/ellajadealex/Desktop/Mind_Skin_Dissertation/Dreem/data/processed/edf_data/MS32_V1_N5.edf	/Users/ellajadealex/Desktop/Mind_Skin_Dissertation/Dreem/data/processed/edf_data/MS32_V1_N5.eannot
MS32_V1_N6	/Users/ellajadealex/Desktop/Mind_Skin_Dissertation/Dreem/data/processed/edf_data/MS32_V1_N6.edf	/Users/ellajadealex/Desktop/Mind_Skin_Dissertation/Dreem/data/processed/edf_data/MS32_V1_N6.eannot
MS32_V1_N7	/Users/ellajadealex/Desktop/Mind_Skin_Dissertation/Dreem/data/processed/edf_data/MS32_V1_N7.edf	/Users/ellajadealex/Desktop/Mind_Skin_Dissertation/Dreem/data/processed/edf_data/MS32_V1_N7.eannot
MS32_V1_N8	/Users/ellajadealex/Desktop/Mind_Skin_Dissertation/Dreem/data/processed/edf_data/MS32_V1_N8.edf	/Users/ellajadealex/Desktop/Mind_Skin_Dissertation/Dreem/data/processed/edf_data/MS32_V1_N8.eannot
MS32_V1_N9	/Users/ellajadealex/Desktop/Mind_Skin_Dissertation/Dreem/data/processed/edf_data/MS32_V1_N9.edf	/Users/ellajadealex/Desktop/Mind_Skin_Dissertation/Dreem/data/processed/edf_data/MS32_V1_N9.eannot
MS32_V2_N1	/Users/ellajadealex/Desktop/Mind_Skin_Dissertation/Dreem/data/processed/edf_data/MS32_V2_N1.edf	/Users/ellajadealex/Desktop/Mind_Skin_Dissertation/Dreem/data/processed/edf_data/MS32_V2_N1.eannot
MS32_V2_N10	/Users/ellajadealex/Desktop/Mind_Skin_Dissertation/Dreem/data/processed/edf_data/MS32_V2_N10.edf	/Users/ellajadealex/Desktop/Mind_Skin_Dissertation/Dreem/data/processed/edf_data/MS32_V2_N10.eannot
MS32_V2_N11	/Users/ellajadealex/Desktop/Mind_Skin_Dissertation/Dreem/data/processed/edf_data/MS32_V2_N11.edf	/Users/ellajadealex/Desktop/Mind_Skin_Dissertation/Dreem/data/processed/edf_data/MS32_V2_N11.eannot
MS32_V2_N2	/Users/ellajadealex/Desktop/Mind_Skin_Dissertation/Dreem/data/processed/edf_data/MS32_V2_N2.edf	/Users/ellajadealex/Desktop/Mind_Skin_Dissertation/Dreem/data/processed/edf_data/MS32_V2_N2.eannot
MS32_V2_N3	/Users/ellajadealex/Desktop/Mind_Skin_Dissertation/Dreem/data/processed/edf_data/MS32_V2_N3.edf	/Users/ellajadealex/Desktop/Mind_Skin_Dissertation/Dreem/data/processed/edf_data/MS32_V2_N3.eannot
MS32_V2_N4	/Users/ellajadealex/Desktop/Mind_Skin_Dissertation/Dreem/data/processed/edf_data/MS32_V2_N4.edf	/Users/ellajadealex/Desktop/Mind_Skin_Dissertation/Dreem/data/processed/edf_data/MS32_V2_N4.eannot
MS32_V2_N5	/Users/ellajadealex/Desktop/Mind_Skin_Dissertation/Dreem/data/processed/edf_data/MS32_V2_N5.edf	/Users/ellajadealex/Desktop/Mind_Skin_Dissertation/Dreem/data/processed/edf_data/MS32_V2_N5.eannot
MS32_V2_N6	/Users/ellajadealex/Desktop/Mind_Skin_Dissertation/Dreem/data/processed/edf_data/MS32_V2_N6.edf	/Users/ellajadealex/Desktop/Mind_Skin_Dissertation/Dreem/data/processed/edf_data/MS32_V2_N6.eannot
MS32_V2_N7	/Users/ellajadealex/Desktop/Mind_Skin_Dissertation/Dreem/data/processed/edf_data/MS32_V2_N7.edf	/Users/ellajadealex/Desktop/Mind_Skin_Dissertation/Dreem/data/processed/edf_data/MS32_V2_N7.eannot
MS32_V2_N8	/Users/ellajadealex/Desktop/Mind_Skin_Dissertation/Dreem/data/processed/edf_data/MS32_V2_N8.edf	/Users/ellajadealex/Desktop/Mind_Skin_Dissertation/Dreem/data/processed/edf_data/MS32_V2_N8.eannot
MS32_V2_N9	/Users/ellajadealex/Desktop/Mind_Skin_Dissertation/Dreem/data/processed/edf_data/MS32_V2_N9.edf	/Users/ellajadealex/Desktop/Mind_Skin_Dissertation/Dreem/data/processed/edf_data/MS32_V2_N9.eannot
MS33_V1_N1	/Users/ellajadealex/Desktop/Mind_Skin_Dissertation/Dreem/data/processed/edf_data/MS33_V1_N1.edf	/Users/ellajadealex/Desktop/Mind_Skin_Dissertation/Dreem/data/processed/edf_data/MS33_V1_N1.eannot
MS33_V1_N10	/Users/ellajadealex/Desktop/Mind_Skin_Dissertation/Dreem/data/processed/edf_data/MS33_V1_N10.edf	/Users/ellajadealex/Desktop/Mind_Skin_Dissertation/Dreem/data/processed/edf_data/MS33_V1_N10.eannot
MS33_V1_N11	/Users/ellajadealex/Desktop/Mind_Skin_Dissertation/Dreem/data/processed/edf_data/MS33_V1_N11.edf	/Users/ellajadealex/Desktop/Mind_Skin_Dissertation/Dreem/data/processed/edf_data/MS33_V1_N11.eannot
MS33_V1_N2	/Users/ellajadealex/Desktop/Mind_Skin_Dissertation/Dreem/data/processed/edf_data/MS33_V1_N2.edf	/Users/ellajadealex/Desktop/Mind_Skin_Dissertation/Dreem/data/processed/edf_data/MS33_V1_N2.eannot
MS33_V1_N4	/Users/ellajadealex/Desktop/Mind_Skin_Dissertation/Dreem/data/processed/edf_data/MS33_V1_N4.edf	/Users/ellajadealex/Desktop/Mind_Skin_Dissertation/Dreem/data/processed/edf_data/MS33_V1_N4.eannot
MS33_V1_N5	/Users/ellajadealex/Desktop/Mind_Skin_Dissertation/Dreem/data/processed/edf_data/MS33_V1_N5.edf	/Users/ellajadealex/Desktop/Mind_Skin_Dissertation/Dreem/data/processed/edf_data/MS33_V1_N5.eannot
MS33_V1_N6	/Users/ellajadealex/Desktop/Mind_Skin_Dissertation/Dreem/data/processed/edf_data/MS33_V1_N6.edf	/Users/ellajadealex/Desktop/Mind_Skin_Dissertation/Dreem/data/processed/edf_data/MS33_V1_N6.eannot
MS33_V1_N7	/Users/ellajadealex/Desktop/Mind_Skin_Dissertation/Dreem/data/processed/edf_data/MS33_V1_N7.edf	/Users/ellajadealex/Desktop/Mind_Skin_Dissertation/Dreem/data/processed/edf_data/MS33_V1_N7.eannot
MS33_V1_N8	/Users/ellajadealex/Desktop/Mind_Skin_Dissertation/Dreem/data/processed/edf_data/MS33_V1_N8.edf	/Users/ellajadealex/Desktop/Mind_Skin_Dissertation/Dreem/data/processed/edf_data/MS33_V1_N8.eannot
MS33_V1_N9	/Users/ellajadealex/Desktop/Mind_Skin_Dissertation/Dreem/data/processed/edf_data/MS33_V1_N9.edf	/Users/ellajadealex/Desktop/Mind_Skin_Dissertation/Dreem/data/processed/edf_data/MS33_V1_N9.eannot
MS34_V1_N1	/Users/ellajadealex/Desktop/Mind_Skin_Dissertation/Dreem/data/processed/edf_data/MS34_V1_N1.edf	/Users/ellajadealex/Desktop/Mind_Skin_Dissertation/Dreem/data/processed/edf_data/MS34_V1_N1.eannot
MS34_V1_N10	/Users/ellajadealex/Desktop/Mind_Skin_Dissertation/Dreem/data/processed/edf_data/MS34_V1_N10.edf	/Users/ellajadealex/Desktop/Mind_Skin_Dissertation/Dreem/data/processed/edf_data/MS34_V1_N10.eannot
MS34_V1_N2	/Users/ellajadealex/Desktop/Mind_Skin_Dissertation/Dreem/data/processed/edf_data/MS34_V1_N2.edf	/Users/ellajadealex/Desktop/Mind_Skin_Dissertation/Dreem/data/processed/edf_data/MS34_V1_N2.eannot
MS34_V1_N3	/Users/ellajadealex/Desktop/Mind_Skin_Dissertation/Dreem/data/processed/edf_data/MS34_V1_N3.edf	/Users/ellajadealex/Desktop/Mind_Skin_Dissertation/Dreem/data/processed/edf_data/MS34_V1_N3.eannot
MS34_V1_N4	/Users/ellajadealex/Desktop/Mind_Skin_Dissertation/Dreem/data/processed/edf_data/MS34_V1_N4.edf	/Users/ellajadealex/Desktop/Mind_Skin_Dissertation/Dreem/data/processed/edf_data/MS34_V1_N4.eannot
MS34_V1_N5	/Users/ellajadealex/Desktop/Mind_Skin_Dissertation/Dreem/data/processed/edf_data/MS34_V1_N5.edf	/Users/ellajadealex/Desktop/Mind_Skin_Dissertation/Dreem/data/processed/edf_data/MS34_V1_N5.eannot
MS34_V1_N6	/Users/ellajadealex/Desktop/Mind_Skin_Dissertation/Dreem/data/processed/edf_data/MS34_V1_N6.edf	/Users/ellajadealex/Desktop/Mind_Skin_Dissertation/Dreem/data/processed/edf_data/MS34_V1_N6.eannot
MS34_V1_N7	/Users/ellajadealex/Desktop/Mind_Skin_Dissertation/Dreem/data/processed/edf_data/MS34_V1_N7.edf	/Users/ellajadealex/Desktop/Mind_Skin_Dissertation/Dreem/data/processed/edf_data/MS34_V1_N7.eannot
MS34_V1_N8	/Users/ellajadealex/Desktop/Mind_Skin_Dissertation/Dreem/data/processed/edf_data/MS34_V1_N8.edf	/Users/ellajadealex/Desktop/Mind_Skin_Dissertation/Dreem/data/processed/edf_data/MS34_V1_N8.eannot
MS34_V1_N9	/Users/ellajadealex/Desktop/Mind_Skin_Dissertation/Dreem/data/processed/edf_data/MS34_V1_N9.edf	/Users/ellajadealex/Desktop/Mind_Skin_Dissertation/Dreem/data/processed/edf_data/MS34_V1_N9.eannot
MS34_V2_N1	/Users/ellajadealex/Desktop/Mind_Skin_Dissertation/Dreem/data/processed/edf_data/MS34_V2_N1.edf	/Users/ellajadealex/Desktop/Mind_Skin_Dissertation/Dreem/data/processed/edf_data/MS34_V2_N1.eannot
MS34_V2_N10	/Users/ellajadealex/Desktop/Mind_Skin_Dissertation/Dreem/data/processed/edf_data/MS34_V2_N10.edf	/Users/ellajadealex/Desktop/Mind_Skin_Dissertation/Dreem/data/processed/edf_data/MS34_V2_N10.eannot
MS34_V2_N2	/Users/ellajadealex/Desktop/Mind_Skin_Dissertation/Dreem/data/processed/edf_data/MS34_V2_N2.edf	/Users/ellajadealex/Desktop/Mind_Skin_Dissertation/Dreem/data/processed/edf_data/MS34_V2_N2.eannot
MS34_V2_N3	/Users/ellajadealex/Desktop/Mind_Skin_Dissertation/Dreem/data/processed/edf_data/MS34_V2_N3.edf	/Users/ellajadealex/Desktop/Mind_Skin_Dissertation/Dreem/data/processed/edf_data/MS34_V2_N3.eannot
MS34_V2_N4	/Users/ellajadealex/Desktop/Mind_Skin_Dissertation/Dreem/data/processed/edf_data/MS34_V2_N4.edf	/Users/ellajadealex/Desktop/Mind_Skin_Dissertation/Dreem/data/processed/edf_data/MS34_V2_N4.eannot
MS34_V2_N5	/Users/ellajadealex/Desktop/Mind_Skin_Dissertation/Dreem/data/processed/edf_data/MS34_V2_N5.edf	/Users/ellajadealex/Desktop/Mind_Skin_Dissertation/Dreem/data/processed/edf_data/MS34_V2_N5.eannot
MS34_V2_N6	/Users/ellajadealex/Desktop/Mind_Skin_Dissertation/Dreem/data/processed/edf_data/MS34_V2_N6.edf	/Users/ellajadealex/Desktop/Mind_Skin_Dissertation/Dreem/data/processed/edf_data/MS34_V2_N6.eannot
MS34_V2_N7	/Users/ellajadealex/Desktop/Mind_Skin_Dissertation/Dreem/data/processed/edf_data/MS34_V2_N7.edf	/Users/ellajadealex/Desktop/Mind_Skin_Dissertation/Dreem/data/processed/edf_data/MS34_V2_N7.eannot
MS34_V2_N8	/Users/ellajadealex/Desktop/Mind_Skin_Dissertation/Dreem/data/processed/edf_data/MS34_V2_N8.edf	/Users/ellajadealex/Desktop/Mind_Skin_Dissertation/Dreem/data/processed/edf_data/MS34_V2_N8.eannot
MS34_V2_N9	/Users/ellajadealex/Desktop/Mind_Skin_Dissertation/Dreem/data/processed/edf_data/MS34_V2_N9.edf	/Users/ellajadealex/Desktop/Mind_Skin_Dissertation/Dreem/data/processed/edf_data/MS34_V2_N9.eannot
MS35_V1_N1	/Users/ellajadealex/Desktop/Mind_Skin_Dissertation/Dreem/data/processed/edf_data/MS35_V1_N1.edf	/Users/ellajadealex/Desktop/Mind_Skin_Dissertation/Dreem/data/processed/edf_data/MS35_V1_N1.eannot
MS35_V1_N10	/Users/ellajadealex/Desktop/Mind_Skin_Dissertation/Dreem/data/processed/edf_data/MS35_V1_N10.edf	/Users/ellajadealex/Desktop/Mind_Skin_Dissertation/Dreem/data/processed/edf_data/MS35_V1_N10.eannot
MS35_V1_N2	/Users/ellajadealex/Desktop/Mind_Skin_Dissertation/Dreem/data/processed/edf_data/MS35_V1_N2.edf	/Users/ellajadealex/Desktop/Mind_Skin_Dissertation/Dreem/data/processed/edf_data/MS35_V1_N2.eannot
MS35_V1_N3	/Users/ellajadealex/Desktop/Mind_Skin_Dissertation/Dreem/data/processed/edf_data/MS35_V1_N3.edf	/Users/ellajadealex/Desktop/Mind_Skin_Dissertation/Dreem/data/processed/edf_data/MS35_V1_N3.eannot
MS35_V1_N4	/Users/ellajadealex/Desktop/Mind_Skin_Dissertation/Dreem/data/processed/edf_data/MS35_V1_N4.edf	/Users/ellajadealex/Desktop/Mind_Skin_Dissertation/Dreem/data/processed/edf_data/MS35_V1_N4.eannot
MS35_V1_N5	/Users/ellajadealex/Desktop/Mind_Skin_Dissertation/Dreem/data/processed/edf_data/MS35_V1_N5.edf	/Users/ellajadealex/Desktop/Mind_Skin_Dissertation/Dreem/data/processed/edf_data/MS35_V1_N5.eannot
MS35_V1_N6	/Users/ellajadealex/Desktop/Mind_Skin_Dissertation/Dreem/data/processed/edf_data/MS35_V1_N6.edf	/Users/ellajadealex/Desktop/Mind_Skin_Dissertation/Dreem/data/processed/edf_data/MS35_V1_N6.eannot
MS35_V1_N7	/Users/ellajadealex/Desktop/Mind_Skin_Dissertation/Dreem/data/processed/edf_data/MS35_V1_N7.edf	/Users/ellajadealex/Desktop/Mind_Skin_Dissertation/Dreem/data/processed/edf_data/MS35_V1_N7.eannot
MS35_V1_N8	/Users/ellajadealex/Desktop/Mind_Skin_Dissertation/Dreem/data/processed/edf_data/MS35_V1_N8.edf	/Users/ellajadealex/Desktop/Mind_Skin_Dissertation/Dreem/data/processed/edf_data/MS35_V1_N8.eannot
MS35_V1_N9	/Users/ellajadealex/Desktop/Mind_Skin_Dissertation/Dreem/data/processed/edf_data/MS35_V1_N9.edf	/Users/ellajadealex/Desktop/Mind_Skin_Dissertation/Dreem/data/processed/edf_data/MS35_V1_N9.eannot
MS36_V1_N1	/Users/ellajadealex/Desktop/Mind_Skin_Dissertation/Dreem/data/processed/edf_data/MS36_V1_N1.edf	/Users/ellajadealex/Desktop/Mind_Skin_Dissertation/Dreem/data/processed/edf_data/MS36_V1_N1.eannot
MS36_V1_N10	/Users/ellajadealex/Desktop/Mind_Skin_Dissertation/Dreem/data/processed/edf_data/MS36_V1_N10.edf	/Users/ellajadealex/Desktop/Mind_Skin_Dissertation/Dreem/data/processed/edf_data/MS36_V1_N10.eannot
MS36_V1_N2	/Users/ellajadealex/Desktop/Mind_Skin_Dissertation/Dreem/data/processed/edf_data/MS36_V1_N2.edf	/Users/ellajadealex/Desktop/Mind_Skin_Dissertation/Dreem/data/processed/edf_data/MS36_V1_N2.eannot
MS36_V1_N3	/Users/ellajadealex/Desktop/Mind_Skin_Dissertation/Dreem/data/processed/edf_data/MS36_V1_N3.edf	/Users/ellajadealex/Desktop/Mind_Skin_Dissertation/Dreem/data/processed/edf_data/MS36_V1_N3.eannot
MS36_V1_N4	/Users/ellajadealex/Desktop/Mind_Skin_Dissertation/Dreem/data/processed/edf_data/MS36_V1_N4.edf	/Users/ellajadealex/Desktop/Mind_Skin_Dissertation/Dreem/data/processed/edf_data/MS36_V1_N4.eannot
MS36_V1_N5	/Users/ellajadealex/Desktop/Mind_Skin_Dissertation/Dreem/data/processed/edf_data/MS36_V1_N5.edf	/Users/ellajadealex/Desktop/Mind_Skin_Dissertation/Dreem/data/processed/edf_data/MS36_V1_N5.eannot
MS36_V1_N6	/Users/ellajadealex/Desktop/Mind_Skin_Dissertation/Dreem/data/processed/edf_data/MS36_V1_N6.edf	/Users/ellajadealex/Desktop/Mind_Skin_Dissertation/Dreem/data/processed/edf_data/MS36_V1_N6.eannot
MS36_V1_N7	/Users/ellajadealex/Desktop/Mind_Skin_Dissertation/Dreem/data/processed/edf_data/MS36_V1_N7.edf	/Users/ellajadealex/Desktop/Mind_Skin_Dissertation/Dreem/data/processed/edf_data/MS36_V1_N7.eannot
MS36_V1_N8	/Users/ellajadealex/Desktop/Mind_Skin_Dissertation/Dreem/data/processed/edf_data/MS36_V1_N8.edf	/Users/ellajadealex/Desktop/Mind_Skin_Dissertation/Dreem/data/processed/edf_data/MS36_V1_N8.eannot
MS36_V1_N9	/Users/ellajadealex/Desktop/Mind_Skin_Dissertation/Dreem/data/processed/edf_data/MS36_V1_N9.edf	/Users/ellajadealex/Desktop/Mind_Skin_Dissertation/Dreem/data/processed/edf_data/MS36_V1_N9.eannot
MS39_V1_N1	/Users/ellajadealex/Desktop/Mind_Skin_Dissertation/Dreem/data/processed/edf_data/MS39_V1_N1.edf	/Users/ellajadealex/Desktop/Mind_Skin_Dissertation/Dreem/data/processed/edf_data/MS39_V1_N1.eannot
MS39_V1_N10	/Users/ellajadealex/Desktop/Mind_Skin_Dissertation/Dreem/data/processed/edf_data/MS39_V1_N10.edf	/Users/ellajadealex/Desktop/Mind_Skin_Dissertation/Dreem/data/processed/edf_data/MS39_V1_N10.eannot
MS39_V1_N11	/Users/ellajadealex/Desktop/Mind_Skin_Dissertation/Dreem/data/processed/edf_data/MS39_V1_N11.edf	/Users/ellajadealex/Desktop/Mind_Skin_Dissertation/Dreem/data/processed/edf_data/MS39_V1_N11.eannot
MS39_V1_N3	/Users/ellajadealex/Desktop/Mind_Skin_Dissertation/Dreem/data/processed/edf_data/MS39_V1_N3.edf	/Users/ellajadealex/Desktop/Mind_Skin_Dissertation/Dreem/data/processed/edf_data/MS39_V1_N3.eannot
MS39_V1_N4	/Users/ellajadealex/Desktop/Mind_Skin_Dissertation/Dreem/data/processed/edf_data/MS39_V1_N4.edf	/Users/ellajadealex/Desktop/Mind_Skin_Dissertation/Dreem/data/processed/edf_data/MS39_V1_N4.eannot
MS39_V1_N6	/Users/ellajadealex/Desktop/Mind_Skin_Dissertation/Dreem/data/processed/edf_data/MS39_V1_N6.edf	/Users/ellajadealex/Desktop/Mind_Skin_Dissertation/Dreem/data/processed/edf_data/MS39_V1_N6.eannot
MS39_V1_N7	/Users/ellajadealex/Desktop/Mind_Skin_Dissertation/Dreem/data/processed/edf_data/MS39_V1_N7.edf	/Users/ellajadealex/Desktop/Mind_Skin_Dissertation/Dreem/data/processed/edf_data/MS39_V1_N7.eannot
MS39_V1_N8	/Users/ellajadealex/Desktop/Mind_Skin_Dissertation/Dreem/data/processed/edf_data/MS39_V1_N8.edf	/Users/ellajadealex/Desktop/Mind_Skin_Dissertation/Dreem/data/processed/edf_data/MS39_V1_N8.eannot
MS39_V1_N9	/Users/ellajadealex/Desktop/Mind_Skin_Dissertation/Dreem/data/processed/edf_data/MS39_V1_N9.edf	/Users/ellajadealex/Desktop/Mind_Skin_Dissertation/Dreem/data/processed/edf_data/MS39_V1_N9.eannot
MS40_V1_N1	/Users/ellajadealex/Desktop/Mind_Skin_Dissertation/Dreem/data/processed/edf_data/MS40_V1_N1.edf	/Users/ellajadealex/Desktop/Mind_Skin_Dissertation/Dreem/data/processed/edf_data/MS40_V1_N1.eannot
MS40_V1_N10	/Users/ellajadealex/Desktop/Mind_Skin_Dissertation/Dreem/data/processed/edf_data/MS40_V1_N10.edf	/Users/ellajadealex/Desktop/Mind_Skin_Dissertation/Dreem/data/processed/edf_data/MS40_V1_N10.eannot
MS40_V1_N11	/Users/ellajadealex/Desktop/Mind_Skin_Dissertation/Dreem/data/processed/edf_data/MS40_V1_N11.edf	/Users/ellajadealex/Desktop/Mind_Skin_Dissertation/Dreem/data/processed/edf_data/MS40_V1_N11.eannot
MS40_V1_N6	/Users/ellajadealex/Desktop/Mind_Skin_Dissertation/Dreem/data/processed/edf_data/MS40_V1_N6.edf	/Users/ellajadealex/Desktop/Mind_Skin_Dissertation/Dreem/data/processed/edf_data/MS40_V1_N6.eannot
MS40_V1_N7	/Users/ellajadealex/Desktop/Mind_Skin_Dissertation/Dreem/data/processed/edf_data/MS40_V1_N7.edf	/Users/ellajadealex/Desktop/Mind_Skin_Dissertation/Dreem/data/processed/edf_data/MS40_V1_N7.eannot
MS40_V1_N8	/Users/ellajadealex/Desktop/Mind_Skin_Dissertation/Dreem/data/processed/edf_data/MS40_V1_N8.edf	/Users/ellajadealex/Desktop/Mind_Skin_Dissertation/Dreem/data/processed/edf_data/MS40_V1_N8.eannot
MS40_V1_N9	/Users/ellajadealex/Desktop/Mind_Skin_Dissertation/Dreem/data/processed/edf_data/MS40_V1_N9.edf	/Users/ellajadealex/Desktop/Mind_Skin_Dissertation/Dreem/data/processed/edf_data/MS40_V1_N9.eannot
